2026-03-31 15:20:48,109 | ERROR | invoice_masker | Input file not found: C:\Users\Jaya Prakash\Downloads\Fillable-Proforma-Invoice.jpg
2026-03-31 15:23:53,532 | WARNING | easyocr.easyocr | Using CPU. Note: This module is much faster with a GPU.
2026-03-31 15:24:38,406 | INFO | invoice_masker | Page 1: detected 3 sensitive field(s).
2026-03-31 15:24:38,429 | INFO | invoice_masker | Detected fields: GPE, ORG, PERSON
2026-03-31 15:24:38,504 | INFO | invoice_masker | Masked files saved:
2026-03-31 15:24:38,505 | INFO | invoice_masker |  - outputs\ww_masked.png
2026-03-31 15:26:54,867 | WARNING | easyocr.easyocr | Using CPU. Note: This module is much faster with a GPU.
2026-03-31 15:27:36,909 | INFO | invoice_masker | Page 1: detected 4 sensitive field(s).
2026-03-31 15:27:36,949 | INFO | invoice_masker | Detected fields: GPE, ORG, PERSON, PHONE
2026-03-31 15:27:37,071 | INFO | invoice_masker | Masked files saved:
2026-03-31 15:27:37,071 | INFO | invoice_masker |  - outputs\hourly_proforma_invoice_template_masked.png
2026-03-31 15:30:02,920 | WARNING | easyocr.easyocr | Using CPU. Note: This module is much faster with a GPU.
2026-03-31 15:30:47,690 | INFO | invoice_masker | Page 1: detected 9 sensitive field(s).
2026-03-31 15:30:47,706 | INFO | invoice_masker | Detected fields: ADDRESS, DATE, GPE, INVOICE_REF, KEYWORD, ORG, PERSON, PHONE, ZIP
2026-03-31 15:30:48,026 | INFO | invoice_masker | Masked files saved:
2026-03-31 15:30:48,027 | INFO | invoice_masker |  - outputs\hourly_proforma_invoice_template_masked.png
2026-03-31 15:32:07,910 | WARNING | easyocr.easyocr | Using CPU. Note: This module is much faster with a GPU.
2026-03-31 15:32:48,095 | INFO | invoice_masker | Page 1: detected 6 sensitive field(s).
2026-03-31 15:32:48,140 | INFO | invoice_masker | Detected fields: GPE, INVOICE_REF, KEYWORD, ORG, PERSON, ZIP
2026-03-31 15:32:48,269 | INFO | invoice_masker | Masked files saved:
2026-03-31 15:32:48,269 | INFO | invoice_masker |  - outputs\ww_masked.png
2026-03-31 15:34:05,888 | WARNING | easyocr.easyocr | Using CPU. Note: This module is much faster with a GPU.
2026-03-31 15:34:46,209 | INFO | invoice_masker | Page 1: detected 10 sensitive field(s).
2026-03-31 15:34:46,220 | INFO | invoice_masker | Detected fields: DATE, EMAIL, GPE, INVOICE_ID, INVOICE_REF, KEYWORD, ORG, PERSON, PHONE, ZIP
2026-03-31 15:34:46,374 | INFO | invoice_masker | Masked files saved:
2026-03-31 15:34:46,374 | INFO | invoice_masker |  - outputs\Simple-Proforma-Invoice-Template-edit-online_masked.png
2026-03-31 16:15:19,504 | WARNING | easyocr.easyocr | Using CPU. Note: This module is much faster with a GPU.
2026-03-31 16:16:02,894 | ERROR | invoice_masker | OCR/NER failed on page 1: name '_rescale_ocr_results' is not defined
Traceback (most recent call last):
  File "C:\invoice-blur\invoice_masker\main.py", line 59, in mask_images
    ocr_results = _rescale_ocr_results(ocr_results, scale)
                  ^^^^^^^^^^^^^^^^^^^^
NameError: name '_rescale_ocr_results' is not defined
2026-03-31 16:16:02,976 | ERROR | invoice_masker | No outputs produced. Check logs for details.
2026-03-31 16:18:03,979 | WARNING | easyocr.easyocr | Using CPU. Note: This module is much faster with a GPU.
2026-03-31 16:18:47,046 | INFO | invoice_masker | Page 1: detected 10 sensitive field(s).
2026-03-31 16:18:47,098 | INFO | invoice_masker | Detected fields: DATE, EMAIL, GPE, INVOICE_ID, INVOICE_REF, KEYWORD, ORG, PERSON, PHONE, ZIP
2026-03-31 16:18:47,356 | INFO | invoice_masker | Masked files saved:
2026-03-31 16:18:47,357 | INFO | invoice_masker |  - outputs\Simple-Proforma-Invoice-Template-edit-online_masked.png
2026-03-31 16:28:08,023 | WARNING | easyocr.easyocr | Using CPU. Note: This module is much faster with a GPU.
2026-03-31 16:29:22,330 | INFO | invoice_masker | Page 1: detected 10 sensitive field(s).
2026-03-31 16:29:22,382 | INFO | invoice_masker | Detected fields: DATE, EMAIL, GPE, INVOICE_ID, INVOICE_REF, KEYWORD, ORG, PERSON, PHONE, ZIP
2026-03-31 16:29:22,845 | INFO | invoice_masker | Masked files saved:
2026-03-31 16:29:22,845 | INFO | invoice_masker |  - outputs\Simple-Proforma-Invoice-Template-edit-online_masked.png
2026-03-31 16:32:22,795 | WARNING | easyocr.easyocr | Using CPU. Note: This module is much faster with a GPU.
2026-03-31 16:33:01,579 | INFO | invoice_masker | Page 1: detected 10 sensitive field(s).
2026-03-31 16:33:01,624 | INFO | invoice_masker | Detected fields: DATE, EMAIL, GPE, INVOICE_ID, INVOICE_REF, KEYWORD, ORG, PERSON, PHONE, ZIP
2026-03-31 16:33:01,877 | INFO | invoice_masker | Masked files saved:
2026-03-31 16:33:01,878 | INFO | invoice_masker |  - outputs\Simple-Proforma-Invoice-Template-edit-online_masked.png
2026-03-31 17:39:31,622 | WARNING | easyocr.easyocr | Using CPU. Note: This module is much faster with a GPU.
2026-03-31 17:40:18,934 | INFO | invoice_masker | Page 1: detected 10 sensitive field(s).
2026-03-31 17:40:18,958 | INFO | invoice_masker | Detected fields: DATE, EMAIL, GPE, INVOICE_ID, INVOICE_REF, KEYWORD, ORG, PERSON, PHONE, ZIP
2026-03-31 17:40:19,960 | INFO | invoice_masker | Masked files saved:
2026-03-31 17:40:19,960 | INFO | invoice_masker |  - outputs\Simple-Proforma-Invoice-Template-edit-online_masked.png
2026-03-31 17:44:43,163 | WARNING | easyocr.easyocr | Using CPU. Note: This module is much faster with a GPU.
2026-03-31 17:45:32,161 | INFO | invoice_masker | Page 1: detected 6 sensitive field(s).
2026-03-31 17:45:32,206 | INFO | invoice_masker | Detected fields: GPE, INVOICE_REF, KEYWORD, ORG, PERSON, ZIP
2026-03-31 17:45:32,944 | INFO | invoice_masker | Masked files saved:
2026-03-31 17:45:32,944 | INFO | invoice_masker |  - outputs\ww_masked.png
2026-03-31 18:04:33,102 | WARNING | easyocr.easyocr | Using CPU. Note: This module is much faster with a GPU.
2026-03-31 18:05:24,638 | INFO | invoice_masker | Page 1: detected 6 sensitive field(s).
2026-03-31 18:05:24,724 | INFO | invoice_masker | Detected fields: GPE, INVOICE_REF, KEYWORD, ORG, PERSON, ZIP
2026-03-31 18:05:25,431 | INFO | invoice_masker | Masked files saved:
2026-03-31 18:05:25,431 | INFO | invoice_masker |  - outputs\ww_masked.png
2026-03-31 18:07:05,025 | WARNING | easyocr.easyocr | Using CPU. Note: This module is much faster with a GPU.
2026-03-31 18:07:55,803 | INFO | invoice_masker | Page 1: detected 10 sensitive field(s).
2026-03-31 18:07:55,828 | INFO | invoice_masker | Detected fields: DATE, EMAIL, GPE, INVOICE_ID, INVOICE_REF, KEYWORD, ORG, PERSON, PHONE, ZIP
2026-03-31 18:07:56,839 | INFO | invoice_masker | Masked files saved:
2026-03-31 18:07:56,839 | INFO | invoice_masker |  - outputs\Simple-Proforma-Invoice-Template-edit-online_masked.png
2026-03-31 18:11:16,745 | WARNING | easyocr.easyocr | Using CPU. Note: This module is much faster with a GPU.
2026-03-31 18:12:00,908 | INFO | invoice_masker | Page 1: detected 10 sensitive field(s).
2026-03-31 18:12:00,983 | INFO | invoice_masker | Detected fields: DATE, EMAIL, GPE, INVOICE_ID, INVOICE_REF, KEYWORD, ORG, PERSON, PHONE, ZIP
2026-03-31 18:12:01,465 | INFO | invoice_masker | Masked files saved:
2026-03-31 18:12:01,465 | INFO | invoice_masker |  - outputs\Simple-Proforma-Invoice-Template-edit-online_masked.png
2026-03-31 18:13:05,462 | WARNING | easyocr.easyocr | Using CPU. Note: This module is much faster with a GPU.
2026-03-31 18:13:43,371 | INFO | invoice_masker | Page 1: detected 10 sensitive field(s).
2026-03-31 18:13:43,400 | INFO | invoice_masker | Detected fields: DATE, EMAIL, GPE, INVOICE_ID, INVOICE_REF, KEYWORD, ORG, PERSON, PHONE, ZIP
2026-03-31 18:13:43,617 | INFO | invoice_masker | Masked files saved:
2026-03-31 18:13:43,619 | INFO | invoice_masker |  - outputs\Simple-Proforma-Invoice-Template-edit-online_masked.png
2026-04-01 10:52:51,847 | WARNING | easyocr.easyocr | Using CPU. Note: This module is much faster with a GPU.
2026-04-01 10:53:47,103 | INFO | invoice_masker | Page 1: detected 5 sensitive field(s).
2026-04-01 10:53:47,112 | INFO | invoice_masker | Detected fields: EMAIL, GPE, INVOICE_REF, PERSON, ZIP
2026-04-01 10:55:38,971 | WARNING | easyocr.easyocr | Using CPU. Note: This module is much faster with a GPU.
2026-04-01 10:56:31,241 | INFO | invoice_masker | Page 1: detected 5 sensitive field(s).
2026-04-01 10:56:31,263 | INFO | invoice_masker | Detected fields: EMAIL, GPE, INVOICE_REF, PERSON, ZIP
2026-04-01 10:58:12,810 | INFO | invoice_masker | Page 1: detected 5 sensitive field(s).
2026-04-01 10:58:12,835 | INFO | invoice_masker | Detected fields: EMAIL, GPE, INVOICE_REF, PERSON, ZIP
2026-04-01 11:04:46,562 | INFO | invoice_masker | Page 1: detected 7 sensitive field(s).
2026-04-01 11:04:46,569 | INFO | invoice_masker | Detected fields: DATE, GPE, INVOICE_REF, KEYWORD, ORG, PERSON, PHONE
2026-04-01 11:11:49,026 | WARNING | easyocr.easyocr | Using CPU. Note: This module is much faster with a GPU.
2026-04-01 11:13:02,442 | INFO | invoice_masker | Page 1: detected 7 sensitive field(s).
2026-04-01 11:13:02,471 | INFO | invoice_masker | Detected fields: DATE, GPE, INVOICE_REF, KEYWORD, ORG, PERSON, PHONE
2026-04-01 11:18:09,377 | INFO | invoice_masker | Page 1: detected 7 sensitive field(s).
2026-04-01 11:18:09,384 | INFO | invoice_masker | Detected fields: DATE, GPE, INVOICE_REF, KEYWORD, ORG, PERSON, PHONE
2026-04-01 11:29:49,576 | WARNING | easyocr.easyocr | Using CPU. Note: This module is much faster with a GPU.
2026-04-01 11:30:53,741 | INFO | invoice_masker | Page 1: detected 7 sensitive field(s).
2026-04-01 11:30:53,764 | INFO | invoice_masker | Detected fields: DATE, GPE, INVOICE_REF, KEYWORD, ORG, PERSON, PHONE
2026-04-01 11:38:28,078 | WARNING | easyocr.easyocr | Using CPU. Note: This module is much faster with a GPU.
2026-04-01 12:44:42,879 | WARNING | easyocr.easyocr | Using CPU. Note: This module is much faster with a GPU.
2026-04-01 12:46:37,842 | ERROR | invoice_masker | OCR/NER failed on page 1: Unable to allocate 63.8 MiB for an array with shape (2560, 2176, 3) and data type float32
Traceback (most recent call last):
  File "C:\invoice-blur\invoice_masker\main.py", line 89, in mask_images
    ocr_results, scale = ocr_engine.extract(image)
                         ^^^^^^^^^^^^^^^^^^^^^^^^^
  File "C:\invoice-blur\invoice_masker\ocr\ocr_engine.py", line 28, in extract
    results = self.reader.readtext(
              ^^^^^^^^^^^^^^^^^^^^^
  File "C:\Users\Jaya Prakash\AppData\Local\Programs\Python\Python312\Lib\site-packages\easyocr\easyocr.py", line 456, in readtext
    horizontal_list, free_list = self.detect(img,
                                ^^^^^^^^^^^^^^^^
  File "C:\Users\Jaya Prakash\AppData\Local\Programs\Python\Python312\Lib\site-packages\easyocr\easyocr.py", line 321, in detect
    text_box_list = self.get_textbox(self.detector,
                   ^^^^^^^^^^^^^^^^^^^^^^^^^^^^^^^
  File "C:\Users\Jaya Prakash\AppData\Local\Programs\Python\Python312\Lib\site-packages\easyocr\detection.py", line 95, in get_textbox
    bboxes_list, polys_list = test_net(canvas_size, mag_ratio, detector,
                              ^^^^^^^^^^^^^^^^^^^^^^^^^^^^^^^^^^^^^^^^^^
  File "C:\Users\Jaya Prakash\AppData\Local\Programs\Python\Python312\Lib\site-packages\easyocr\detection.py", line 33, in test_net
    img_resized, target_ratio, size_heatmap = resize_aspect_ratio(img, canvas_size,
                                              ^^^^^^^^^^^^^^^^^^^^^^^^^^^^^^^^^^^^^
  File "C:\Users\Jaya Prakash\AppData\Local\Programs\Python\Python312\Lib\site-packages\easyocr\imgproc.py", line 59, in resize_aspect_ratio
    resized = np.zeros((target_h32, target_w32, channel), dtype=np.float32)
              ^^^^^^^^^^^^^^^^^^^^^^^^^^^^^^^^^^^^^^^^^^^^^^^^^^^^^^^^^^^^^
numpy.core._exceptions._ArrayMemoryError: Unable to allocate 63.8 MiB for an array with shape (2560, 2176, 3) and data type float32
2026-04-01 12:56:02,181 | WARNING | easyocr.easyocr | Using CPU. Note: This module is much faster with a GPU.
2026-04-01 12:56:08,455 | WARNING | huggingface_hub.utils._http | '(MaxRetryError('HTTPSConnectionPool(host=\'huggingface.co\', port=443): Max retries exceeded with url: /valhalla/distilbart-mnli-12-1/resolve/main/config.json (Caused by ProxyError(\'Unable to connect to proxy\', NewConnectionError("HTTPSConnection(host=\'127.0.0.1\', port=9): Failed to establish a new connection: [WinError 10061] No connection could be made because the target machine actively refused it")))'), '(Request ID: e94430f7-0b27-48ca-913a-9eccfc0a9f6b)')' thrown while requesting HEAD https://huggingface.co/valhalla/distilbart-mnli-12-1/resolve/main/config.json
2026-04-01 12:56:08,456 | WARNING | huggingface_hub.utils._http | Retrying in 1s [Retry 1/5].
2026-04-01 12:56:11,489 | WARNING | huggingface_hub.utils._http | '(MaxRetryError('HTTPSConnectionPool(host=\'huggingface.co\', port=443): Max retries exceeded with url: /valhalla/distilbart-mnli-12-1/resolve/main/config.json (Caused by ProxyError(\'Unable to connect to proxy\', NewConnectionError("HTTPSConnection(host=\'127.0.0.1\', port=9): Failed to establish a new connection: [WinError 10061] No connection could be made because the target machine actively refused it")))'), '(Request ID: 2003bc8b-ab1d-42ed-adfc-efbe25e23acf)')' thrown while requesting HEAD https://huggingface.co/valhalla/distilbart-mnli-12-1/resolve/main/config.json
2026-04-01 12:56:11,489 | WARNING | huggingface_hub.utils._http | Retrying in 2s [Retry 2/5].
2026-04-01 12:56:15,542 | WARNING | huggingface_hub.utils._http | '(MaxRetryError('HTTPSConnectionPool(host=\'huggingface.co\', port=443): Max retries exceeded with url: /valhalla/distilbart-mnli-12-1/resolve/main/config.json (Caused by ProxyError(\'Unable to connect to proxy\', NewConnectionError("HTTPSConnection(host=\'127.0.0.1\', port=9): Failed to establish a new connection: [WinError 10061] No connection could be made because the target machine actively refused it")))'), '(Request ID: d86c165e-0271-4052-a82a-5ce59d1f5a39)')' thrown while requesting HEAD https://huggingface.co/valhalla/distilbart-mnli-12-1/resolve/main/config.json
2026-04-01 12:56:15,542 | WARNING | huggingface_hub.utils._http | Retrying in 4s [Retry 3/5].
2026-04-01 12:56:21,596 | WARNING | huggingface_hub.utils._http | '(MaxRetryError('HTTPSConnectionPool(host=\'huggingface.co\', port=443): Max retries exceeded with url: /valhalla/distilbart-mnli-12-1/resolve/main/config.json (Caused by ProxyError(\'Unable to connect to proxy\', NewConnectionError("HTTPSConnection(host=\'127.0.0.1\', port=9): Failed to establish a new connection: [WinError 10061] No connection could be made because the target machine actively refused it")))'), '(Request ID: 9a239aae-6206-4010-b8f2-a750c20d9eea)')' thrown while requesting HEAD https://huggingface.co/valhalla/distilbart-mnli-12-1/resolve/main/config.json
2026-04-01 12:56:21,596 | WARNING | huggingface_hub.utils._http | Retrying in 8s [Retry 4/5].
2026-04-01 12:56:31,642 | WARNING | huggingface_hub.utils._http | '(MaxRetryError('HTTPSConnectionPool(host=\'huggingface.co\', port=443): Max retries exceeded with url: /valhalla/distilbart-mnli-12-1/resolve/main/config.json (Caused by ProxyError(\'Unable to connect to proxy\', NewConnectionError("HTTPSConnection(host=\'127.0.0.1\', port=9): Failed to establish a new connection: [WinError 10061] No connection could be made because the target machine actively refused it")))'), '(Request ID: 492a36b9-d995-4e1d-8978-bdf6a7f67d83)')' thrown while requesting HEAD https://huggingface.co/valhalla/distilbart-mnli-12-1/resolve/main/config.json
2026-04-01 12:56:31,642 | WARNING | huggingface_hub.utils._http | Retrying in 8s [Retry 5/5].
2026-04-01 12:56:41,705 | WARNING | huggingface_hub.utils._http | '(MaxRetryError('HTTPSConnectionPool(host=\'huggingface.co\', port=443): Max retries exceeded with url: /valhalla/distilbart-mnli-12-1/resolve/main/config.json (Caused by ProxyError(\'Unable to connect to proxy\', NewConnectionError("HTTPSConnection(host=\'127.0.0.1\', port=9): Failed to establish a new connection: [WinError 10061] No connection could be made because the target machine actively refused it")))'), '(Request ID: e581fd27-4b8e-448f-a1af-f71824f68ab4)')' thrown while requesting HEAD https://huggingface.co/valhalla/distilbart-mnli-12-1/resolve/main/config.json
2026-04-01 12:56:41,706 | WARNING | invoice_masker | Classifier disabled: failed to load model valhalla/distilbart-mnli-12-1 ((MaxRetryError('HTTPSConnectionPool(host=\'huggingface.co\', port=443): Max retries exceeded with url: /valhalla/distilbart-mnli-12-1/resolve/main/config.json (Caused by ProxyError(\'Unable to connect to proxy\', NewConnectionError("HTTPSConnection(host=\'127.0.0.1\', port=9): Failed to establish a new connection: [WinError 10061] No connection could be made because the target machine actively refused it")))'), '(Request ID: e581fd27-4b8e-448f-a1af-f71824f68ab4)'))
2026-04-01 12:57:20,866 | INFO | invoice_masker | Page 1: detected 9 sensitive field(s).
2026-04-01 12:57:20,871 | INFO | invoice_masker | Detected fields: DATE, EMAIL, GPE, INVOICE_REF, KEYWORD, ORG, PERSON, PHONE, ZIP
2026-04-01 12:57:21,196 | INFO | invoice_masker | Masked files saved:
2026-04-01 12:57:21,196 | INFO | invoice_masker |  - outputs\Sample-Modern-Sales-Invoice-Template-edit-online_masked.png
2026-04-01 13:04:46,356 | WARNING | easyocr.easyocr | Using CPU. Note: This module is much faster with a GPU.
2026-04-01 13:07:02,061 | INFO | invoice_masker | Page 1: detected 8 sensitive field(s).
2026-04-01 13:07:02,067 | INFO | invoice_masker | Detected fields: EMAIL, GPE, INVOICE_REF, KEYWORD, ORG, PERSON, PHONE, ZIP
2026-04-01 13:14:17,047 | WARNING | easyocr.easyocr | Using CPU. Note: This module is much faster with a GPU.
2026-04-01 13:14:24,155 | WARNING | huggingface_hub.utils._http | '(MaxRetryError('HTTPSConnectionPool(host=\'huggingface.co\', port=443): Max retries exceeded with url: /valhalla/distilbart-mnli-12-1/resolve/main/config.json (Caused by ProxyError(\'Unable to connect to proxy\', NewConnectionError("HTTPSConnection(host=\'127.0.0.1\', port=9): Failed to establish a new connection: [WinError 10061] No connection could be made because the target machine actively refused it")))'), '(Request ID: 338a7dcc-1892-40a0-b2fe-b601fafdbd17)')' thrown while requesting HEAD https://huggingface.co/valhalla/distilbart-mnli-12-1/resolve/main/config.json
2026-04-01 13:14:24,156 | WARNING | huggingface_hub.utils._http | Retrying in 1s [Retry 1/5].
2026-04-01 13:14:27,201 | WARNING | huggingface_hub.utils._http | '(MaxRetryError('HTTPSConnectionPool(host=\'huggingface.co\', port=443): Max retries exceeded with url: /valhalla/distilbart-mnli-12-1/resolve/main/config.json (Caused by ProxyError(\'Unable to connect to proxy\', NewConnectionError("HTTPSConnection(host=\'127.0.0.1\', port=9): Failed to establish a new connection: [WinError 10061] No connection could be made because the target machine actively refused it")))'), '(Request ID: cd92f9c1-d217-4d4a-bf40-24e74b2593b7)')' thrown while requesting HEAD https://huggingface.co/valhalla/distilbart-mnli-12-1/resolve/main/config.json
2026-04-01 13:14:27,202 | WARNING | huggingface_hub.utils._http | Retrying in 2s [Retry 2/5].
2026-04-01 13:14:31,237 | WARNING | huggingface_hub.utils._http | '(MaxRetryError('HTTPSConnectionPool(host=\'huggingface.co\', port=443): Max retries exceeded with url: /valhalla/distilbart-mnli-12-1/resolve/main/config.json (Caused by ProxyError(\'Unable to connect to proxy\', NewConnectionError("HTTPSConnection(host=\'127.0.0.1\', port=9): Failed to establish a new connection: [WinError 10061] No connection could be made because the target machine actively refused it")))'), '(Request ID: af1c6c43-a04c-47a9-be2e-366464621535)')' thrown while requesting HEAD https://huggingface.co/valhalla/distilbart-mnli-12-1/resolve/main/config.json
2026-04-01 13:14:31,237 | WARNING | huggingface_hub.utils._http | Retrying in 4s [Retry 3/5].
2026-04-01 13:14:37,272 | WARNING | huggingface_hub.utils._http | '(MaxRetryError('HTTPSConnectionPool(host=\'huggingface.co\', port=443): Max retries exceeded with url: /valhalla/distilbart-mnli-12-1/resolve/main/config.json (Caused by ProxyError(\'Unable to connect to proxy\', NewConnectionError("HTTPSConnection(host=\'127.0.0.1\', port=9): Failed to establish a new connection: [WinError 10061] No connection could be made because the target machine actively refused it")))'), '(Request ID: 13045b19-116f-4a51-ae69-5849d1fcd5f5)')' thrown while requesting HEAD https://huggingface.co/valhalla/distilbart-mnli-12-1/resolve/main/config.json
2026-04-01 13:14:37,273 | WARNING | huggingface_hub.utils._http | Retrying in 8s [Retry 4/5].
2026-04-01 13:14:47,318 | WARNING | huggingface_hub.utils._http | '(MaxRetryError('HTTPSConnectionPool(host=\'huggingface.co\', port=443): Max retries exceeded with url: /valhalla/distilbart-mnli-12-1/resolve/main/config.json (Caused by ProxyError(\'Unable to connect to proxy\', NewConnectionError("HTTPSConnection(host=\'127.0.0.1\', port=9): Failed to establish a new connection: [WinError 10061] No connection could be made because the target machine actively refused it")))'), '(Request ID: c2e75b5d-ac86-45a6-bcdd-1a6cb46d6c78)')' thrown while requesting HEAD https://huggingface.co/valhalla/distilbart-mnli-12-1/resolve/main/config.json
2026-04-01 13:14:47,318 | WARNING | huggingface_hub.utils._http | Retrying in 8s [Retry 5/5].
2026-04-01 13:14:57,366 | WARNING | huggingface_hub.utils._http | '(MaxRetryError('HTTPSConnectionPool(host=\'huggingface.co\', port=443): Max retries exceeded with url: /valhalla/distilbart-mnli-12-1/resolve/main/config.json (Caused by ProxyError(\'Unable to connect to proxy\', NewConnectionError("HTTPSConnection(host=\'127.0.0.1\', port=9): Failed to establish a new connection: [WinError 10061] No connection could be made because the target machine actively refused it")))'), '(Request ID: 615ac68a-4a0d-4f44-a3ec-01dfb64104e8)')' thrown while requesting HEAD https://huggingface.co/valhalla/distilbart-mnli-12-1/resolve/main/config.json
2026-04-01 13:14:57,367 | WARNING | invoice_masker | Classifier disabled: failed to load model valhalla/distilbart-mnli-12-1 ((MaxRetryError('HTTPSConnectionPool(host=\'huggingface.co\', port=443): Max retries exceeded with url: /valhalla/distilbart-mnli-12-1/resolve/main/config.json (Caused by ProxyError(\'Unable to connect to proxy\', NewConnectionError("HTTPSConnection(host=\'127.0.0.1\', port=9): Failed to establish a new connection: [WinError 10061] No connection could be made because the target machine actively refused it")))'), '(Request ID: 615ac68a-4a0d-4f44-a3ec-01dfb64104e8)'))
2026-04-01 13:15:38,629 | INFO | invoice_masker | Page 1: detected 9 sensitive field(s).
2026-04-01 13:15:38,675 | INFO | invoice_masker | Detected fields: DATE, EMAIL, GPE, INVOICE_REF, KEYWORD, ORG, PERSON, PHONE, ZIP
2026-04-01 13:15:39,134 | INFO | invoice_masker | Masked files saved:
2026-04-01 13:15:39,135 | INFO | invoice_masker |  - outputs\Sample-Modern-Sales-Invoice-Template-edit-online_masked.png
2026-04-01 13:16:42,450 | WARNING | easyocr.easyocr | Using CPU. Note: This module is much faster with a GPU.
2026-04-01 13:16:47,940 | WARNING | huggingface_hub.utils._http | '(MaxRetryError('HTTPSConnectionPool(host=\'huggingface.co\', port=443): Max retries exceeded with url: /valhalla/distilbart-mnli-12-1/resolve/main/config.json (Caused by ProxyError(\'Unable to connect to proxy\', NewConnectionError("HTTPSConnection(host=\'127.0.0.1\', port=9): Failed to establish a new connection: [WinError 10061] No connection could be made because the target machine actively refused it")))'), '(Request ID: 5a9fa935-17cf-4b31-81d8-ee41e6b607f4)')' thrown while requesting HEAD https://huggingface.co/valhalla/distilbart-mnli-12-1/resolve/main/config.json
2026-04-01 13:16:47,940 | WARNING | huggingface_hub.utils._http | Retrying in 1s [Retry 1/5].
2026-04-01 13:16:50,990 | WARNING | huggingface_hub.utils._http | '(MaxRetryError('HTTPSConnectionPool(host=\'huggingface.co\', port=443): Max retries exceeded with url: /valhalla/distilbart-mnli-12-1/resolve/main/config.json (Caused by ProxyError(\'Unable to connect to proxy\', NewConnectionError("HTTPSConnection(host=\'127.0.0.1\', port=9): Failed to establish a new connection: [WinError 10061] No connection could be made because the target machine actively refused it")))'), '(Request ID: e153ac50-08dc-48dd-9214-f77056372629)')' thrown while requesting HEAD https://huggingface.co/valhalla/distilbart-mnli-12-1/resolve/main/config.json
2026-04-01 13:16:50,992 | WARNING | huggingface_hub.utils._http | Retrying in 2s [Retry 2/5].
2026-04-01 13:16:55,024 | WARNING | huggingface_hub.utils._http | '(MaxRetryError('HTTPSConnectionPool(host=\'huggingface.co\', port=443): Max retries exceeded with url: /valhalla/distilbart-mnli-12-1/resolve/main/config.json (Caused by ProxyError(\'Unable to connect to proxy\', NewConnectionError("HTTPSConnection(host=\'127.0.0.1\', port=9): Failed to establish a new connection: [WinError 10061] No connection could be made because the target machine actively refused it")))'), '(Request ID: d0702614-ba4e-412e-a99a-3d8a5db57cec)')' thrown while requesting HEAD https://huggingface.co/valhalla/distilbart-mnli-12-1/resolve/main/config.json
2026-04-01 13:16:55,024 | WARNING | huggingface_hub.utils._http | Retrying in 4s [Retry 3/5].
2026-04-01 13:17:01,073 | WARNING | huggingface_hub.utils._http | '(MaxRetryError('HTTPSConnectionPool(host=\'huggingface.co\', port=443): Max retries exceeded with url: /valhalla/distilbart-mnli-12-1/resolve/main/config.json (Caused by ProxyError(\'Unable to connect to proxy\', NewConnectionError("HTTPSConnection(host=\'127.0.0.1\', port=9): Failed to establish a new connection: [WinError 10061] No connection could be made because the target machine actively refused it")))'), '(Request ID: 2cdfa5a3-0c8a-465d-8f0e-43899fc77094)')' thrown while requesting HEAD https://huggingface.co/valhalla/distilbart-mnli-12-1/resolve/main/config.json
2026-04-01 13:17:01,074 | WARNING | huggingface_hub.utils._http | Retrying in 8s [Retry 4/5].
2026-04-01 13:17:11,119 | WARNING | huggingface_hub.utils._http | '(MaxRetryError('HTTPSConnectionPool(host=\'huggingface.co\', port=443): Max retries exceeded with url: /valhalla/distilbart-mnli-12-1/resolve/main/config.json (Caused by ProxyError(\'Unable to connect to proxy\', NewConnectionError("HTTPSConnection(host=\'127.0.0.1\', port=9): Failed to establish a new connection: [WinError 10061] No connection could be made because the target machine actively refused it")))'), '(Request ID: 1a10e86e-b3ee-47fa-88c6-c1977b9e1218)')' thrown while requesting HEAD https://huggingface.co/valhalla/distilbart-mnli-12-1/resolve/main/config.json
2026-04-01 13:17:11,119 | WARNING | huggingface_hub.utils._http | Retrying in 8s [Retry 5/5].
2026-04-01 13:17:21,148 | WARNING | huggingface_hub.utils._http | '(MaxRetryError('HTTPSConnectionPool(host=\'huggingface.co\', port=443): Max retries exceeded with url: /valhalla/distilbart-mnli-12-1/resolve/main/config.json (Caused by ProxyError(\'Unable to connect to proxy\', NewConnectionError("HTTPSConnection(host=\'127.0.0.1\', port=9): Failed to establish a new connection: [WinError 10061] No connection could be made because the target machine actively refused it")))'), '(Request ID: f931a947-caba-4d21-8c71-18a8302c9500)')' thrown while requesting HEAD https://huggingface.co/valhalla/distilbart-mnli-12-1/resolve/main/config.json
2026-04-01 13:17:21,149 | WARNING | invoice_masker | Classifier disabled: failed to load model valhalla/distilbart-mnli-12-1 ((MaxRetryError('HTTPSConnectionPool(host=\'huggingface.co\', port=443): Max retries exceeded with url: /valhalla/distilbart-mnli-12-1/resolve/main/config.json (Caused by ProxyError(\'Unable to connect to proxy\', NewConnectionError("HTTPSConnection(host=\'127.0.0.1\', port=9): Failed to establish a new connection: [WinError 10061] No connection could be made because the target machine actively refused it")))'), '(Request ID: f931a947-caba-4d21-8c71-18a8302c9500)'))
2026-04-01 13:18:08,424 | INFO | invoice_masker | Page 1: detected 3 sensitive field(s).
2026-04-01 13:18:08,428 | INFO | invoice_masker | Detected fields: KEYWORD, ORG, PERSON
2026-04-01 13:18:08,538 | INFO | invoice_masker | Masked files saved:
2026-04-01 13:18:08,539 | INFO | invoice_masker |  - outputs\Sample-Modern-Sales-Invoice-Template-edit-online_tokenized_masked.png
2026-04-01 13:18:11,368 | WARNING | huggingface_hub.utils._http | '(MaxRetryError('HTTPSConnectionPool(host=\'huggingface.co\', port=443): Max retries exceeded with url: /valhalla/distilbart-mnli-12-1/resolve/main/config.json (Caused by ProxyError(\'Unable to connect to proxy\', NewConnectionError("HTTPSConnection(host=\'127.0.0.1\', port=9): Failed to establish a new connection: [WinError 10061] No connection could be made because the target machine actively refused it")))'), '(Request ID: 22505f84-6509-4dc6-8643-6ebaa4af9fd6)')' thrown while requesting HEAD https://huggingface.co/valhalla/distilbart-mnli-12-1/resolve/main/config.json
2026-04-01 13:18:11,369 | WARNING | huggingface_hub.utils._http | Retrying in 1s [Retry 1/5].
2026-04-01 13:18:14,435 | WARNING | huggingface_hub.utils._http | '(MaxRetryError('HTTPSConnectionPool(host=\'huggingface.co\', port=443): Max retries exceeded with url: /valhalla/distilbart-mnli-12-1/resolve/main/config.json (Caused by ProxyError(\'Unable to connect to proxy\', NewConnectionError("HTTPSConnection(host=\'127.0.0.1\', port=9): Failed to establish a new connection: [WinError 10061] No connection could be made because the target machine actively refused it")))'), '(Request ID: 428e75c3-ea8c-457b-a059-90ce833d2e3e)')' thrown while requesting HEAD https://huggingface.co/valhalla/distilbart-mnli-12-1/resolve/main/config.json
2026-04-01 13:18:14,436 | WARNING | huggingface_hub.utils._http | Retrying in 2s [Retry 2/5].
2026-04-01 13:18:18,479 | WARNING | huggingface_hub.utils._http | '(MaxRetryError('HTTPSConnectionPool(host=\'huggingface.co\', port=443): Max retries exceeded with url: /valhalla/distilbart-mnli-12-1/resolve/main/config.json (Caused by ProxyError(\'Unable to connect to proxy\', NewConnectionError("HTTPSConnection(host=\'127.0.0.1\', port=9): Failed to establish a new connection: [WinError 10061] No connection could be made because the target machine actively refused it")))'), '(Request ID: a0022bb4-6136-4554-a46f-f49bde4e5702)')' thrown while requesting HEAD https://huggingface.co/valhalla/distilbart-mnli-12-1/resolve/main/config.json
2026-04-01 13:18:18,480 | WARNING | huggingface_hub.utils._http | Retrying in 4s [Retry 3/5].
2026-04-01 13:18:24,517 | WARNING | huggingface_hub.utils._http | '(MaxRetryError('HTTPSConnectionPool(host=\'huggingface.co\', port=443): Max retries exceeded with url: /valhalla/distilbart-mnli-12-1/resolve/main/config.json (Caused by ProxyError(\'Unable to connect to proxy\', NewConnectionError("HTTPSConnection(host=\'127.0.0.1\', port=9): Failed to establish a new connection: [WinError 10061] No connection could be made because the target machine actively refused it")))'), '(Request ID: beecdbed-6353-4410-b5a1-366c8ce25b7c)')' thrown while requesting HEAD https://huggingface.co/valhalla/distilbart-mnli-12-1/resolve/main/config.json
2026-04-01 13:18:24,517 | WARNING | huggingface_hub.utils._http | Retrying in 8s [Retry 4/5].
2026-04-01 13:18:34,561 | WARNING | huggingface_hub.utils._http | '(MaxRetryError('HTTPSConnectionPool(host=\'huggingface.co\', port=443): Max retries exceeded with url: /valhalla/distilbart-mnli-12-1/resolve/main/config.json (Caused by ProxyError(\'Unable to connect to proxy\', NewConnectionError("HTTPSConnection(host=\'127.0.0.1\', port=9): Failed to establish a new connection: [WinError 10061] No connection could be made because the target machine actively refused it")))'), '(Request ID: c4eeaa73-c71a-49a7-9af4-8502df89b58b)')' thrown while requesting HEAD https://huggingface.co/valhalla/distilbart-mnli-12-1/resolve/main/config.json
2026-04-01 13:18:34,562 | WARNING | huggingface_hub.utils._http | Retrying in 8s [Retry 5/5].
2026-04-01 13:18:44,591 | WARNING | huggingface_hub.utils._http | '(MaxRetryError('HTTPSConnectionPool(host=\'huggingface.co\', port=443): Max retries exceeded with url: /valhalla/distilbart-mnli-12-1/resolve/main/config.json (Caused by ProxyError(\'Unable to connect to proxy\', NewConnectionError("HTTPSConnection(host=\'127.0.0.1\', port=9): Failed to establish a new connection: [WinError 10061] No connection could be made because the target machine actively refused it")))'), '(Request ID: e568399f-5cab-4a07-a8d0-f524d89b87e6)')' thrown while requesting HEAD https://huggingface.co/valhalla/distilbart-mnli-12-1/resolve/main/config.json
2026-04-01 13:18:44,592 | WARNING | invoice_masker | Classifier disabled: failed to load model valhalla/distilbart-mnli-12-1 ((MaxRetryError('HTTPSConnectionPool(host=\'huggingface.co\', port=443): Max retries exceeded with url: /valhalla/distilbart-mnli-12-1/resolve/main/config.json (Caused by ProxyError(\'Unable to connect to proxy\', NewConnectionError("HTTPSConnection(host=\'127.0.0.1\', port=9): Failed to establish a new connection: [WinError 10061] No connection could be made because the target machine actively refused it")))'), '(Request ID: e568399f-5cab-4a07-a8d0-f524d89b87e6)'))
2026-04-01 13:20:19,312 | WARNING | easyocr.easyocr | Using CPU. Note: This module is much faster with a GPU.
2026-04-01 13:20:59,865 | WARNING | easyocr.easyocr | Using CPU. Note: This module is much faster with a GPU.
2026-04-01 13:21:08,408 | WARNING | huggingface_hub.utils._http | '(MaxRetryError('HTTPSConnectionPool(host=\'huggingface.co\', port=443): Max retries exceeded with url: /valhalla/distilbart-mnli-12-1/resolve/main/config.json (Caused by ProxyError(\'Unable to connect to proxy\', NewConnectionError("HTTPSConnection(host=\'127.0.0.1\', port=9): Failed to establish a new connection: [WinError 10061] No connection could be made because the target machine actively refused it")))'), '(Request ID: b2294e79-e73c-49fe-8ec9-7c25895d1685)')' thrown while requesting HEAD https://huggingface.co/valhalla/distilbart-mnli-12-1/resolve/main/config.json
2026-04-01 13:21:08,408 | WARNING | huggingface_hub.utils._http | Retrying in 1s [Retry 1/5].
2026-04-01 13:21:11,445 | WARNING | huggingface_hub.utils._http | '(MaxRetryError('HTTPSConnectionPool(host=\'huggingface.co\', port=443): Max retries exceeded with url: /valhalla/distilbart-mnli-12-1/resolve/main/config.json (Caused by ProxyError(\'Unable to connect to proxy\', NewConnectionError("HTTPSConnection(host=\'127.0.0.1\', port=9): Failed to establish a new connection: [WinError 10061] No connection could be made because the target machine actively refused it")))'), '(Request ID: a01cb4c2-e726-466d-8e79-50adc294078a)')' thrown while requesting HEAD https://huggingface.co/valhalla/distilbart-mnli-12-1/resolve/main/config.json
2026-04-01 13:21:11,445 | WARNING | huggingface_hub.utils._http | Retrying in 2s [Retry 2/5].
2026-04-01 13:21:15,479 | WARNING | huggingface_hub.utils._http | '(MaxRetryError('HTTPSConnectionPool(host=\'huggingface.co\', port=443): Max retries exceeded with url: /valhalla/distilbart-mnli-12-1/resolve/main/config.json (Caused by ProxyError(\'Unable to connect to proxy\', NewConnectionError("HTTPSConnection(host=\'127.0.0.1\', port=9): Failed to establish a new connection: [WinError 10061] No connection could be made because the target machine actively refused it")))'), '(Request ID: 4ae8a07b-27ef-4f6b-8f73-3557b6f59b99)')' thrown while requesting HEAD https://huggingface.co/valhalla/distilbart-mnli-12-1/resolve/main/config.json
2026-04-01 13:21:15,479 | WARNING | huggingface_hub.utils._http | Retrying in 4s [Retry 3/5].
2026-04-01 13:21:21,518 | WARNING | huggingface_hub.utils._http | '(MaxRetryError('HTTPSConnectionPool(host=\'huggingface.co\', port=443): Max retries exceeded with url: /valhalla/distilbart-mnli-12-1/resolve/main/config.json (Caused by ProxyError(\'Unable to connect to proxy\', NewConnectionError("HTTPSConnection(host=\'127.0.0.1\', port=9): Failed to establish a new connection: [WinError 10061] No connection could be made because the target machine actively refused it")))'), '(Request ID: 8d033b85-9a01-4196-811c-7277b7f4bbc4)')' thrown while requesting HEAD https://huggingface.co/valhalla/distilbart-mnli-12-1/resolve/main/config.json
2026-04-01 13:21:21,520 | WARNING | huggingface_hub.utils._http | Retrying in 8s [Retry 4/5].
2026-04-01 13:21:31,553 | WARNING | huggingface_hub.utils._http | '(MaxRetryError('HTTPSConnectionPool(host=\'huggingface.co\', port=443): Max retries exceeded with url: /valhalla/distilbart-mnli-12-1/resolve/main/config.json (Caused by ProxyError(\'Unable to connect to proxy\', NewConnectionError("HTTPSConnection(host=\'127.0.0.1\', port=9): Failed to establish a new connection: [WinError 10061] No connection could be made because the target machine actively refused it")))'), '(Request ID: ab742a7e-9382-43d1-a195-160c69c33809)')' thrown while requesting HEAD https://huggingface.co/valhalla/distilbart-mnli-12-1/resolve/main/config.json
2026-04-01 13:21:31,554 | WARNING | huggingface_hub.utils._http | Retrying in 8s [Retry 5/5].
2026-04-01 13:21:41,613 | WARNING | huggingface_hub.utils._http | '(MaxRetryError('HTTPSConnectionPool(host=\'huggingface.co\', port=443): Max retries exceeded with url: /valhalla/distilbart-mnli-12-1/resolve/main/config.json (Caused by ProxyError(\'Unable to connect to proxy\', NewConnectionError("HTTPSConnection(host=\'127.0.0.1\', port=9): Failed to establish a new connection: [WinError 10061] No connection could be made because the target machine actively refused it")))'), '(Request ID: d809d411-e0cf-44ea-8dfd-384f1f9ed7a5)')' thrown while requesting HEAD https://huggingface.co/valhalla/distilbart-mnli-12-1/resolve/main/config.json
2026-04-01 13:21:41,613 | WARNING | invoice_masker | Classifier disabled: failed to load model valhalla/distilbart-mnli-12-1 ((MaxRetryError('HTTPSConnectionPool(host=\'huggingface.co\', port=443): Max retries exceeded with url: /valhalla/distilbart-mnli-12-1/resolve/main/config.json (Caused by ProxyError(\'Unable to connect to proxy\', NewConnectionError("HTTPSConnection(host=\'127.0.0.1\', port=9): Failed to establish a new connection: [WinError 10061] No connection could be made because the target machine actively refused it")))'), '(Request ID: d809d411-e0cf-44ea-8dfd-384f1f9ed7a5)'))
2026-04-01 13:21:48,730 | ERROR | invoice_masker | OCR/NER failed on page 1: [enforce fail at alloc_cpu.cpp:114] data. DefaultCPUAllocator: not enough memory: you tried to allocate 1195376640 bytes.
Traceback (most recent call last):
  File "C:\invoice-blur\invoice_masker\main.py", line 97, in mask_images
    ocr_results, scale = ocr_engine.extract(image)
                         ^^^^^^^^^^^^^^^^^^^^^^^^^
  File "C:\invoice-blur\invoice_masker\ocr\ocr_engine.py", line 28, in extract
    results = self.reader.readtext(
              ^^^^^^^^^^^^^^^^^^^^^
  File "C:\Users\Jaya Prakash\AppData\Local\Programs\Python\Python312\Lib\site-packages\easyocr\easyocr.py", line 456, in readtext
    horizontal_list, free_list = self.detect(img,
                                ^^^^^^^^^^^^^^^^
  File "C:\Users\Jaya Prakash\AppData\Local\Programs\Python\Python312\Lib\site-packages\easyocr\easyocr.py", line 321, in detect
    text_box_list = self.get_textbox(self.detector,
                   ^^^^^^^^^^^^^^^^^^^^^^^^^^^^^^^
  File "C:\Users\Jaya Prakash\AppData\Local\Programs\Python\Python312\Lib\site-packages\easyocr\detection.py", line 95, in get_textbox
    bboxes_list, polys_list = test_net(canvas_size, mag_ratio, detector,
                              ^^^^^^^^^^^^^^^^^^^^^^^^^^^^^^^^^^^^^^^^^^
  File "C:\Users\Jaya Prakash\AppData\Local\Programs\Python\Python312\Lib\site-packages\easyocr\detection.py", line 46, in test_net
    y, feature = net(x)
                 ^^^^^^
  File "C:\Users\Jaya Prakash\AppData\Local\Programs\Python\Python312\Lib\site-packages\torch\nn\modules\module.py", line 1553, in _wrapped_call_impl
    return self._call_impl(*args, **kwargs)
           ^^^^^^^^^^^^^^^^^^^^^^^^^^^^^^^^
  File "C:\Users\Jaya Prakash\AppData\Local\Programs\Python\Python312\Lib\site-packages\torch\nn\modules\module.py", line 1562, in _call_impl
    return forward_call(*args, **kwargs)
           ^^^^^^^^^^^^^^^^^^^^^^^^^^^^^
  File "C:\Users\Jaya Prakash\AppData\Local\Programs\Python\Python312\Lib\site-packages\easyocr\craft.py", line 60, in forward
    sources = self.basenet(x)
              ^^^^^^^^^^^^^^^
  File "C:\Users\Jaya Prakash\AppData\Local\Programs\Python\Python312\Lib\site-packages\torch\nn\modules\module.py", line 1553, in _wrapped_call_impl
    return self._call_impl(*args, **kwargs)
           ^^^^^^^^^^^^^^^^^^^^^^^^^^^^^^^^
  File "C:\Users\Jaya Prakash\AppData\Local\Programs\Python\Python312\Lib\site-packages\torch\nn\modules\module.py", line 1562, in _call_impl
    return forward_call(*args, **kwargs)
           ^^^^^^^^^^^^^^^^^^^^^^^^^^^^^
  File "C:\Users\Jaya Prakash\AppData\Local\Programs\Python\Python312\Lib\site-packages\easyocr\model\modules.py", line 68, in forward
    h = self.slice1(X)
        ^^^^^^^^^^^^^^
  File "C:\Users\Jaya Prakash\AppData\Local\Programs\Python\Python312\Lib\site-packages\torch\nn\modules\module.py", line 1553, in _wrapped_call_impl
    return self._call_impl(*args, **kwargs)
           ^^^^^^^^^^^^^^^^^^^^^^^^^^^^^^^^
  File "C:\Users\Jaya Prakash\AppData\Local\Programs\Python\Python312\Lib\site-packages\torch\nn\modules\module.py", line 1562, in _call_impl
    return forward_call(*args, **kwargs)
           ^^^^^^^^^^^^^^^^^^^^^^^^^^^^^
  File "C:\Users\Jaya Prakash\AppData\Local\Programs\Python\Python312\Lib\site-packages\torch\nn\modules\container.py", line 219, in forward
    input = module(input)
            ^^^^^^^^^^^^^
  File "C:\Users\Jaya Prakash\AppData\Local\Programs\Python\Python312\Lib\site-packages\torch\nn\modules\module.py", line 1553, in _wrapped_call_impl
    return self._call_impl(*args, **kwargs)
           ^^^^^^^^^^^^^^^^^^^^^^^^^^^^^^^^
  File "C:\Users\Jaya Prakash\AppData\Local\Programs\Python\Python312\Lib\site-packages\torch\nn\modules\module.py", line 1562, in _call_impl
    return forward_call(*args, **kwargs)
           ^^^^^^^^^^^^^^^^^^^^^^^^^^^^^
  File "C:\Users\Jaya Prakash\AppData\Local\Programs\Python\Python312\Lib\site-packages\torch\nn\modules\conv.py", line 458, in forward
    return self._conv_forward(input, self.weight, self.bias)
           ^^^^^^^^^^^^^^^^^^^^^^^^^^^^^^^^^^^^^^^^^^^^^^^^^
  File "C:\Users\Jaya Prakash\AppData\Local\Programs\Python\Python312\Lib\site-packages\torch\nn\modules\conv.py", line 454, in _conv_forward
    return F.conv2d(input, weight, bias, self.stride,
           ^^^^^^^^^^^^^^^^^^^^^^^^^^^^^^^^^^^^^^^^^^
RuntimeError: [enforce fail at alloc_cpu.cpp:114] data. DefaultCPUAllocator: not enough memory: you tried to allocate 1195376640 bytes.
2026-04-01 13:21:48,900 | ERROR | invoice_masker | No outputs produced. Check logs for details.
2026-04-01 13:22:53,217 | WARNING | easyocr.easyocr | Using CPU. Note: This module is much faster with a GPU.
2026-04-01 13:24:54,420 | WARNING | easyocr.easyocr | Using CPU. Note: This module is much faster with a GPU.
2026-04-01 13:31:58,310 | WARNING | easyocr.easyocr | Using CPU. Note: This module is much faster with a GPU.
2026-04-01 13:32:04,485 | WARNING | huggingface_hub.utils._http | '(MaxRetryError('HTTPSConnectionPool(host=\'huggingface.co\', port=443): Max retries exceeded with url: /valhalla/distilbart-mnli-12-1/resolve/main/config.json (Caused by ProxyError(\'Unable to connect to proxy\', NewConnectionError("HTTPSConnection(host=\'127.0.0.1\', port=9): Failed to establish a new connection: [WinError 10061] No connection could be made because the target machine actively refused it")))'), '(Request ID: 25d66d1c-1336-4bb4-b51e-3a96e55f1bf7)')' thrown while requesting HEAD https://huggingface.co/valhalla/distilbart-mnli-12-1/resolve/main/config.json
2026-04-01 13:32:04,486 | WARNING | huggingface_hub.utils._http | Retrying in 1s [Retry 1/5].
2026-04-01 13:32:07,541 | WARNING | huggingface_hub.utils._http | '(MaxRetryError('HTTPSConnectionPool(host=\'huggingface.co\', port=443): Max retries exceeded with url: /valhalla/distilbart-mnli-12-1/resolve/main/config.json (Caused by ProxyError(\'Unable to connect to proxy\', NewConnectionError("HTTPSConnection(host=\'127.0.0.1\', port=9): Failed to establish a new connection: [WinError 10061] No connection could be made because the target machine actively refused it")))'), '(Request ID: cd21ef2e-80a1-4b3b-946c-48d700e13447)')' thrown while requesting HEAD https://huggingface.co/valhalla/distilbart-mnli-12-1/resolve/main/config.json
2026-04-01 13:32:07,542 | WARNING | huggingface_hub.utils._http | Retrying in 2s [Retry 2/5].
2026-04-01 13:32:11,605 | WARNING | huggingface_hub.utils._http | '(MaxRetryError('HTTPSConnectionPool(host=\'huggingface.co\', port=443): Max retries exceeded with url: /valhalla/distilbart-mnli-12-1/resolve/main/config.json (Caused by ProxyError(\'Unable to connect to proxy\', NewConnectionError("HTTPSConnection(host=\'127.0.0.1\', port=9): Failed to establish a new connection: [WinError 10061] No connection could be made because the target machine actively refused it")))'), '(Request ID: 636cf164-0b48-4668-9c1a-7733d4fa6455)')' thrown while requesting HEAD https://huggingface.co/valhalla/distilbart-mnli-12-1/resolve/main/config.json
2026-04-01 13:32:11,606 | WARNING | huggingface_hub.utils._http | Retrying in 4s [Retry 3/5].
2026-04-01 13:32:17,664 | WARNING | huggingface_hub.utils._http | '(MaxRetryError('HTTPSConnectionPool(host=\'huggingface.co\', port=443): Max retries exceeded with url: /valhalla/distilbart-mnli-12-1/resolve/main/config.json (Caused by ProxyError(\'Unable to connect to proxy\', NewConnectionError("HTTPSConnection(host=\'127.0.0.1\', port=9): Failed to establish a new connection: [WinError 10061] No connection could be made because the target machine actively refused it")))'), '(Request ID: 6e8bae6f-2d86-4c14-8239-959184c03f07)')' thrown while requesting HEAD https://huggingface.co/valhalla/distilbart-mnli-12-1/resolve/main/config.json
2026-04-01 13:32:17,664 | WARNING | huggingface_hub.utils._http | Retrying in 8s [Retry 4/5].
2026-04-01 13:32:27,708 | WARNING | huggingface_hub.utils._http | '(MaxRetryError('HTTPSConnectionPool(host=\'huggingface.co\', port=443): Max retries exceeded with url: /valhalla/distilbart-mnli-12-1/resolve/main/config.json (Caused by ProxyError(\'Unable to connect to proxy\', NewConnectionError("HTTPSConnection(host=\'127.0.0.1\', port=9): Failed to establish a new connection: [WinError 10061] No connection could be made because the target machine actively refused it")))'), '(Request ID: 3fc244e1-61b3-481a-9a66-e66156b0baf9)')' thrown while requesting HEAD https://huggingface.co/valhalla/distilbart-mnli-12-1/resolve/main/config.json
2026-04-01 13:32:27,708 | WARNING | huggingface_hub.utils._http | Retrying in 8s [Retry 5/5].
2026-04-01 13:32:37,728 | WARNING | huggingface_hub.utils._http | '(MaxRetryError('HTTPSConnectionPool(host=\'huggingface.co\', port=443): Max retries exceeded with url: /valhalla/distilbart-mnli-12-1/resolve/main/config.json (Caused by ProxyError(\'Unable to connect to proxy\', NewConnectionError("HTTPSConnection(host=\'127.0.0.1\', port=9): Failed to establish a new connection: [WinError 10061] No connection could be made because the target machine actively refused it")))'), '(Request ID: 2beaef9b-8e1f-4693-9798-91dc01e5fe53)')' thrown while requesting HEAD https://huggingface.co/valhalla/distilbart-mnli-12-1/resolve/main/config.json
2026-04-01 13:32:37,729 | WARNING | invoice_masker | Classifier disabled: failed to load model valhalla/distilbart-mnli-12-1 ((MaxRetryError('HTTPSConnectionPool(host=\'huggingface.co\', port=443): Max retries exceeded with url: /valhalla/distilbart-mnli-12-1/resolve/main/config.json (Caused by ProxyError(\'Unable to connect to proxy\', NewConnectionError("HTTPSConnection(host=\'127.0.0.1\', port=9): Failed to establish a new connection: [WinError 10061] No connection could be made because the target machine actively refused it")))'), '(Request ID: 2beaef9b-8e1f-4693-9798-91dc01e5fe53)'))
2026-04-01 13:32:48,279 | ERROR | invoice_masker | OCR/NER failed on page 1: [enforce fail at alloc_cpu.cpp:114] data. DefaultCPUAllocator: not enough memory: you tried to allocate 1195376640 bytes.
Traceback (most recent call last):
  File "C:\invoice-blur\invoice_masker\main.py", line 98, in mask_images
    ocr_results, scale = ocr_engine.extract(image)
                         ^^^^^^^^^^^^^^^^^^^^^^^^^
  File "C:\invoice-blur\invoice_masker\ocr\ocr_engine.py", line 28, in extract
    results = self.reader.readtext(
              ^^^^^^^^^^^^^^^^^^^^^
  File "C:\Users\Jaya Prakash\AppData\Local\Programs\Python\Python312\Lib\site-packages\easyocr\easyocr.py", line 456, in readtext
    horizontal_list, free_list = self.detect(img,
                                ^^^^^^^^^^^^^^^^
  File "C:\Users\Jaya Prakash\AppData\Local\Programs\Python\Python312\Lib\site-packages\easyocr\easyocr.py", line 321, in detect
    text_box_list = self.get_textbox(self.detector,
                   ^^^^^^^^^^^^^^^^^^^^^^^^^^^^^^^
  File "C:\Users\Jaya Prakash\AppData\Local\Programs\Python\Python312\Lib\site-packages\easyocr\detection.py", line 95, in get_textbox
    bboxes_list, polys_list = test_net(canvas_size, mag_ratio, detector,
                              ^^^^^^^^^^^^^^^^^^^^^^^^^^^^^^^^^^^^^^^^^^
  File "C:\Users\Jaya Prakash\AppData\Local\Programs\Python\Python312\Lib\site-packages\easyocr\detection.py", line 46, in test_net
    y, feature = net(x)
                 ^^^^^^
  File "C:\Users\Jaya Prakash\AppData\Local\Programs\Python\Python312\Lib\site-packages\torch\nn\modules\module.py", line 1553, in _wrapped_call_impl
    return self._call_impl(*args, **kwargs)
           ^^^^^^^^^^^^^^^^^^^^^^^^^^^^^^^^
  File "C:\Users\Jaya Prakash\AppData\Local\Programs\Python\Python312\Lib\site-packages\torch\nn\modules\module.py", line 1562, in _call_impl
    return forward_call(*args, **kwargs)
           ^^^^^^^^^^^^^^^^^^^^^^^^^^^^^
  File "C:\Users\Jaya Prakash\AppData\Local\Programs\Python\Python312\Lib\site-packages\easyocr\craft.py", line 60, in forward
    sources = self.basenet(x)
              ^^^^^^^^^^^^^^^
  File "C:\Users\Jaya Prakash\AppData\Local\Programs\Python\Python312\Lib\site-packages\torch\nn\modules\module.py", line 1553, in _wrapped_call_impl
    return self._call_impl(*args, **kwargs)
           ^^^^^^^^^^^^^^^^^^^^^^^^^^^^^^^^
  File "C:\Users\Jaya Prakash\AppData\Local\Programs\Python\Python312\Lib\site-packages\torch\nn\modules\module.py", line 1562, in _call_impl
    return forward_call(*args, **kwargs)
           ^^^^^^^^^^^^^^^^^^^^^^^^^^^^^
  File "C:\Users\Jaya Prakash\AppData\Local\Programs\Python\Python312\Lib\site-packages\easyocr\model\modules.py", line 68, in forward
    h = self.slice1(X)
        ^^^^^^^^^^^^^^
  File "C:\Users\Jaya Prakash\AppData\Local\Programs\Python\Python312\Lib\site-packages\torch\nn\modules\module.py", line 1553, in _wrapped_call_impl
    return self._call_impl(*args, **kwargs)
           ^^^^^^^^^^^^^^^^^^^^^^^^^^^^^^^^
  File "C:\Users\Jaya Prakash\AppData\Local\Programs\Python\Python312\Lib\site-packages\torch\nn\modules\module.py", line 1562, in _call_impl
    return forward_call(*args, **kwargs)
           ^^^^^^^^^^^^^^^^^^^^^^^^^^^^^
  File "C:\Users\Jaya Prakash\AppData\Local\Programs\Python\Python312\Lib\site-packages\torch\nn\modules\container.py", line 219, in forward
    input = module(input)
            ^^^^^^^^^^^^^
  File "C:\Users\Jaya Prakash\AppData\Local\Programs\Python\Python312\Lib\site-packages\torch\nn\modules\module.py", line 1553, in _wrapped_call_impl
    return self._call_impl(*args, **kwargs)
           ^^^^^^^^^^^^^^^^^^^^^^^^^^^^^^^^
  File "C:\Users\Jaya Prakash\AppData\Local\Programs\Python\Python312\Lib\site-packages\torch\nn\modules\module.py", line 1562, in _call_impl
    return forward_call(*args, **kwargs)
           ^^^^^^^^^^^^^^^^^^^^^^^^^^^^^
  File "C:\Users\Jaya Prakash\AppData\Local\Programs\Python\Python312\Lib\site-packages\torch\nn\modules\conv.py", line 458, in forward
    return self._conv_forward(input, self.weight, self.bias)
           ^^^^^^^^^^^^^^^^^^^^^^^^^^^^^^^^^^^^^^^^^^^^^^^^^
  File "C:\Users\Jaya Prakash\AppData\Local\Programs\Python\Python312\Lib\site-packages\torch\nn\modules\conv.py", line 454, in _conv_forward
    return F.conv2d(input, weight, bias, self.stride,
           ^^^^^^^^^^^^^^^^^^^^^^^^^^^^^^^^^^^^^^^^^^
RuntimeError: [enforce fail at alloc_cpu.cpp:114] data. DefaultCPUAllocator: not enough memory: you tried to allocate 1195376640 bytes.
2026-04-01 13:32:48,441 | ERROR | invoice_masker | No outputs produced. Check logs for details.
2026-04-01 13:34:07,192 | WARNING | easyocr.easyocr | Using CPU. Note: This module is much faster with a GPU.
2026-04-01 13:34:12,461 | WARNING | huggingface_hub.utils._http | '(MaxRetryError('HTTPSConnectionPool(host=\'huggingface.co\', port=443): Max retries exceeded with url: /valhalla/distilbart-mnli-12-1/resolve/main/config.json (Caused by ProxyError(\'Unable to connect to proxy\', NewConnectionError("HTTPSConnection(host=\'127.0.0.1\', port=9): Failed to establish a new connection: [WinError 10061] No connection could be made because the target machine actively refused it")))'), '(Request ID: c6683531-000d-4dda-b688-03c821b07328)')' thrown while requesting HEAD https://huggingface.co/valhalla/distilbart-mnli-12-1/resolve/main/config.json
2026-04-01 13:34:12,461 | WARNING | huggingface_hub.utils._http | Retrying in 1s [Retry 1/5].
2026-04-01 13:34:15,508 | WARNING | huggingface_hub.utils._http | '(MaxRetryError('HTTPSConnectionPool(host=\'huggingface.co\', port=443): Max retries exceeded with url: /valhalla/distilbart-mnli-12-1/resolve/main/config.json (Caused by ProxyError(\'Unable to connect to proxy\', NewConnectionError("HTTPSConnection(host=\'127.0.0.1\', port=9): Failed to establish a new connection: [WinError 10061] No connection could be made because the target machine actively refused it")))'), '(Request ID: 2394d51e-fc8a-45c1-8714-89b2234fcea9)')' thrown while requesting HEAD https://huggingface.co/valhalla/distilbart-mnli-12-1/resolve/main/config.json
2026-04-01 13:34:15,510 | WARNING | huggingface_hub.utils._http | Retrying in 2s [Retry 2/5].
2026-04-01 13:34:19,553 | WARNING | huggingface_hub.utils._http | '(MaxRetryError('HTTPSConnectionPool(host=\'huggingface.co\', port=443): Max retries exceeded with url: /valhalla/distilbart-mnli-12-1/resolve/main/config.json (Caused by ProxyError(\'Unable to connect to proxy\', NewConnectionError("HTTPSConnection(host=\'127.0.0.1\', port=9): Failed to establish a new connection: [WinError 10061] No connection could be made because the target machine actively refused it")))'), '(Request ID: edfef447-8522-43c7-aa2f-64eaac7eb30a)')' thrown while requesting HEAD https://huggingface.co/valhalla/distilbart-mnli-12-1/resolve/main/config.json
2026-04-01 13:34:19,553 | WARNING | huggingface_hub.utils._http | Retrying in 4s [Retry 3/5].
2026-04-01 13:34:25,601 | WARNING | huggingface_hub.utils._http | '(MaxRetryError('HTTPSConnectionPool(host=\'huggingface.co\', port=443): Max retries exceeded with url: /valhalla/distilbart-mnli-12-1/resolve/main/config.json (Caused by ProxyError(\'Unable to connect to proxy\', NewConnectionError("HTTPSConnection(host=\'127.0.0.1\', port=9): Failed to establish a new connection: [WinError 10061] No connection could be made because the target machine actively refused it")))'), '(Request ID: eeabcad4-7678-4fdd-9cd5-db2ef23ad8ad)')' thrown while requesting HEAD https://huggingface.co/valhalla/distilbart-mnli-12-1/resolve/main/config.json
2026-04-01 13:34:25,602 | WARNING | huggingface_hub.utils._http | Retrying in 8s [Retry 4/5].
2026-04-01 13:34:35,668 | WARNING | huggingface_hub.utils._http | '(MaxRetryError('HTTPSConnectionPool(host=\'huggingface.co\', port=443): Max retries exceeded with url: /valhalla/distilbart-mnli-12-1/resolve/main/config.json (Caused by ProxyError(\'Unable to connect to proxy\', NewConnectionError("HTTPSConnection(host=\'127.0.0.1\', port=9): Failed to establish a new connection: [WinError 10061] No connection could be made because the target machine actively refused it")))'), '(Request ID: 46a89446-02af-4a02-b49d-3a33a83cfd43)')' thrown while requesting HEAD https://huggingface.co/valhalla/distilbart-mnli-12-1/resolve/main/config.json
2026-04-01 13:34:35,668 | WARNING | huggingface_hub.utils._http | Retrying in 8s [Retry 5/5].
2026-04-01 13:34:45,698 | WARNING | huggingface_hub.utils._http | '(MaxRetryError('HTTPSConnectionPool(host=\'huggingface.co\', port=443): Max retries exceeded with url: /valhalla/distilbart-mnli-12-1/resolve/main/config.json (Caused by ProxyError(\'Unable to connect to proxy\', NewConnectionError("HTTPSConnection(host=\'127.0.0.1\', port=9): Failed to establish a new connection: [WinError 10061] No connection could be made because the target machine actively refused it")))'), '(Request ID: 21e7c824-8fe0-41be-ac46-afa09da0a42b)')' thrown while requesting HEAD https://huggingface.co/valhalla/distilbart-mnli-12-1/resolve/main/config.json
2026-04-01 13:34:45,699 | WARNING | invoice_masker | Classifier disabled: failed to load model valhalla/distilbart-mnli-12-1 ((MaxRetryError('HTTPSConnectionPool(host=\'huggingface.co\', port=443): Max retries exceeded with url: /valhalla/distilbart-mnli-12-1/resolve/main/config.json (Caused by ProxyError(\'Unable to connect to proxy\', NewConnectionError("HTTPSConnection(host=\'127.0.0.1\', port=9): Failed to establish a new connection: [WinError 10061] No connection could be made because the target machine actively refused it")))'), '(Request ID: 21e7c824-8fe0-41be-ac46-afa09da0a42b)'))
2026-04-01 13:35:01,266 | ERROR | invoice_masker | OCR/NER failed on page 1: [enforce fail at alloc_cpu.cpp:114] data. DefaultCPUAllocator: not enough memory: you tried to allocate 1195376640 bytes.
Traceback (most recent call last):
  File "C:\invoice-blur\invoice_masker\main.py", line 98, in mask_images
    ocr_results, scale = ocr_engine.extract(image)
                         ^^^^^^^^^^^^^^^^^^^^^^^^^
  File "C:\invoice-blur\invoice_masker\ocr\ocr_engine.py", line 28, in extract
    results = self.reader.readtext(
              ^^^^^^^^^^^^^^^^^^^^^
  File "C:\Users\Jaya Prakash\AppData\Local\Programs\Python\Python312\Lib\site-packages\easyocr\easyocr.py", line 456, in readtext
    horizontal_list, free_list = self.detect(img,
                                ^^^^^^^^^^^^^^^^
  File "C:\Users\Jaya Prakash\AppData\Local\Programs\Python\Python312\Lib\site-packages\easyocr\easyocr.py", line 321, in detect
    text_box_list = self.get_textbox(self.detector,
                   ^^^^^^^^^^^^^^^^^^^^^^^^^^^^^^^
  File "C:\Users\Jaya Prakash\AppData\Local\Programs\Python\Python312\Lib\site-packages\easyocr\detection.py", line 95, in get_textbox
    bboxes_list, polys_list = test_net(canvas_size, mag_ratio, detector,
                              ^^^^^^^^^^^^^^^^^^^^^^^^^^^^^^^^^^^^^^^^^^
  File "C:\Users\Jaya Prakash\AppData\Local\Programs\Python\Python312\Lib\site-packages\easyocr\detection.py", line 46, in test_net
    y, feature = net(x)
                 ^^^^^^
  File "C:\Users\Jaya Prakash\AppData\Local\Programs\Python\Python312\Lib\site-packages\torch\nn\modules\module.py", line 1553, in _wrapped_call_impl
    return self._call_impl(*args, **kwargs)
           ^^^^^^^^^^^^^^^^^^^^^^^^^^^^^^^^
  File "C:\Users\Jaya Prakash\AppData\Local\Programs\Python\Python312\Lib\site-packages\torch\nn\modules\module.py", line 1562, in _call_impl
    return forward_call(*args, **kwargs)
           ^^^^^^^^^^^^^^^^^^^^^^^^^^^^^
  File "C:\Users\Jaya Prakash\AppData\Local\Programs\Python\Python312\Lib\site-packages\easyocr\craft.py", line 60, in forward
    sources = self.basenet(x)
              ^^^^^^^^^^^^^^^
  File "C:\Users\Jaya Prakash\AppData\Local\Programs\Python\Python312\Lib\site-packages\torch\nn\modules\module.py", line 1553, in _wrapped_call_impl
    return self._call_impl(*args, **kwargs)
           ^^^^^^^^^^^^^^^^^^^^^^^^^^^^^^^^
  File "C:\Users\Jaya Prakash\AppData\Local\Programs\Python\Python312\Lib\site-packages\torch\nn\modules\module.py", line 1562, in _call_impl
    return forward_call(*args, **kwargs)
           ^^^^^^^^^^^^^^^^^^^^^^^^^^^^^
  File "C:\Users\Jaya Prakash\AppData\Local\Programs\Python\Python312\Lib\site-packages\easyocr\model\modules.py", line 68, in forward
    h = self.slice1(X)
        ^^^^^^^^^^^^^^
  File "C:\Users\Jaya Prakash\AppData\Local\Programs\Python\Python312\Lib\site-packages\torch\nn\modules\module.py", line 1553, in _wrapped_call_impl
    return self._call_impl(*args, **kwargs)
           ^^^^^^^^^^^^^^^^^^^^^^^^^^^^^^^^
  File "C:\Users\Jaya Prakash\AppData\Local\Programs\Python\Python312\Lib\site-packages\torch\nn\modules\module.py", line 1562, in _call_impl
    return forward_call(*args, **kwargs)
           ^^^^^^^^^^^^^^^^^^^^^^^^^^^^^
  File "C:\Users\Jaya Prakash\AppData\Local\Programs\Python\Python312\Lib\site-packages\torch\nn\modules\container.py", line 219, in forward
    input = module(input)
            ^^^^^^^^^^^^^
  File "C:\Users\Jaya Prakash\AppData\Local\Programs\Python\Python312\Lib\site-packages\torch\nn\modules\module.py", line 1553, in _wrapped_call_impl
    return self._call_impl(*args, **kwargs)
           ^^^^^^^^^^^^^^^^^^^^^^^^^^^^^^^^
  File "C:\Users\Jaya Prakash\AppData\Local\Programs\Python\Python312\Lib\site-packages\torch\nn\modules\module.py", line 1562, in _call_impl
    return forward_call(*args, **kwargs)
           ^^^^^^^^^^^^^^^^^^^^^^^^^^^^^
  File "C:\Users\Jaya Prakash\AppData\Local\Programs\Python\Python312\Lib\site-packages\torch\nn\modules\conv.py", line 458, in forward
    return self._conv_forward(input, self.weight, self.bias)
           ^^^^^^^^^^^^^^^^^^^^^^^^^^^^^^^^^^^^^^^^^^^^^^^^^
  File "C:\Users\Jaya Prakash\AppData\Local\Programs\Python\Python312\Lib\site-packages\torch\nn\modules\conv.py", line 454, in _conv_forward
    return F.conv2d(input, weight, bias, self.stride,
           ^^^^^^^^^^^^^^^^^^^^^^^^^^^^^^^^^^^^^^^^^^
RuntimeError: [enforce fail at alloc_cpu.cpp:114] data. DefaultCPUAllocator: not enough memory: you tried to allocate 1195376640 bytes.
2026-04-01 13:35:01,532 | ERROR | invoice_masker | No outputs produced. Check logs for details.
2026-04-01 13:36:09,496 | WARNING | easyocr.easyocr | Using CPU. Note: This module is much faster with a GPU.
2026-04-01 13:36:14,644 | WARNING | huggingface_hub.utils._http | '(MaxRetryError('HTTPSConnectionPool(host=\'huggingface.co\', port=443): Max retries exceeded with url: /valhalla/distilbart-mnli-12-1/resolve/main/config.json (Caused by ProxyError(\'Unable to connect to proxy\', NewConnectionError("HTTPSConnection(host=\'127.0.0.1\', port=9): Failed to establish a new connection: [WinError 10061] No connection could be made because the target machine actively refused it")))'), '(Request ID: f93d53ce-dc3e-4feb-8873-7a7f455cf9dd)')' thrown while requesting HEAD https://huggingface.co/valhalla/distilbart-mnli-12-1/resolve/main/config.json
2026-04-01 13:36:14,644 | WARNING | huggingface_hub.utils._http | Retrying in 1s [Retry 1/5].
2026-04-01 13:36:17,680 | WARNING | huggingface_hub.utils._http | '(MaxRetryError('HTTPSConnectionPool(host=\'huggingface.co\', port=443): Max retries exceeded with url: /valhalla/distilbart-mnli-12-1/resolve/main/config.json (Caused by ProxyError(\'Unable to connect to proxy\', NewConnectionError("HTTPSConnection(host=\'127.0.0.1\', port=9): Failed to establish a new connection: [WinError 10061] No connection could be made because the target machine actively refused it")))'), '(Request ID: 04437d34-98c3-40cd-9c11-12e304738c29)')' thrown while requesting HEAD https://huggingface.co/valhalla/distilbart-mnli-12-1/resolve/main/config.json
2026-04-01 13:36:17,680 | WARNING | huggingface_hub.utils._http | Retrying in 2s [Retry 2/5].
2026-04-01 13:36:21,728 | WARNING | huggingface_hub.utils._http | '(MaxRetryError('HTTPSConnectionPool(host=\'huggingface.co\', port=443): Max retries exceeded with url: /valhalla/distilbart-mnli-12-1/resolve/main/config.json (Caused by ProxyError(\'Unable to connect to proxy\', NewConnectionError("HTTPSConnection(host=\'127.0.0.1\', port=9): Failed to establish a new connection: [WinError 10061] No connection could be made because the target machine actively refused it")))'), '(Request ID: 3c208b78-1387-4c96-b6a1-4bc617d6a2a3)')' thrown while requesting HEAD https://huggingface.co/valhalla/distilbart-mnli-12-1/resolve/main/config.json
2026-04-01 13:36:21,728 | WARNING | huggingface_hub.utils._http | Retrying in 4s [Retry 3/5].
2026-04-01 13:36:27,782 | WARNING | huggingface_hub.utils._http | '(MaxRetryError('HTTPSConnectionPool(host=\'huggingface.co\', port=443): Max retries exceeded with url: /valhalla/distilbart-mnli-12-1/resolve/main/config.json (Caused by ProxyError(\'Unable to connect to proxy\', NewConnectionError("HTTPSConnection(host=\'127.0.0.1\', port=9): Failed to establish a new connection: [WinError 10061] No connection could be made because the target machine actively refused it")))'), '(Request ID: 3b307181-8895-4b5c-889b-d3e586a9dbb2)')' thrown while requesting HEAD https://huggingface.co/valhalla/distilbart-mnli-12-1/resolve/main/config.json
2026-04-01 13:36:27,783 | WARNING | huggingface_hub.utils._http | Retrying in 8s [Retry 4/5].
2026-04-01 13:36:37,835 | WARNING | huggingface_hub.utils._http | '(MaxRetryError('HTTPSConnectionPool(host=\'huggingface.co\', port=443): Max retries exceeded with url: /valhalla/distilbart-mnli-12-1/resolve/main/config.json (Caused by ProxyError(\'Unable to connect to proxy\', NewConnectionError("HTTPSConnection(host=\'127.0.0.1\', port=9): Failed to establish a new connection: [WinError 10061] No connection could be made because the target machine actively refused it")))'), '(Request ID: c1ffb457-dbbc-4910-87c7-6f60d782f9d0)')' thrown while requesting HEAD https://huggingface.co/valhalla/distilbart-mnli-12-1/resolve/main/config.json
2026-04-01 13:36:37,835 | WARNING | huggingface_hub.utils._http | Retrying in 8s [Retry 5/5].
2026-04-01 13:36:47,849 | WARNING | huggingface_hub.utils._http | '(MaxRetryError('HTTPSConnectionPool(host=\'huggingface.co\', port=443): Max retries exceeded with url: /valhalla/distilbart-mnli-12-1/resolve/main/config.json (Caused by ProxyError(\'Unable to connect to proxy\', NewConnectionError("HTTPSConnection(host=\'127.0.0.1\', port=9): Failed to establish a new connection: [WinError 10061] No connection could be made because the target machine actively refused it")))'), '(Request ID: c7c99a5c-4583-486f-84df-5c5c7b7aac81)')' thrown while requesting HEAD https://huggingface.co/valhalla/distilbart-mnli-12-1/resolve/main/config.json
2026-04-01 13:36:47,849 | WARNING | invoice_masker | Classifier disabled: failed to load model valhalla/distilbart-mnli-12-1 ((MaxRetryError('HTTPSConnectionPool(host=\'huggingface.co\', port=443): Max retries exceeded with url: /valhalla/distilbart-mnli-12-1/resolve/main/config.json (Caused by ProxyError(\'Unable to connect to proxy\', NewConnectionError("HTTPSConnection(host=\'127.0.0.1\', port=9): Failed to establish a new connection: [WinError 10061] No connection could be made because the target machine actively refused it")))'), '(Request ID: c7c99a5c-4583-486f-84df-5c5c7b7aac81)'))
2026-04-01 13:37:12,190 | INFO | invoice_masker | Page 1: detected 9 sensitive field(s).
2026-04-01 13:37:12,194 | INFO | invoice_masker | Detected fields: DATE, EMAIL, GPE, INVOICE_REF, KEYWORD, ORG, PERSON, PHONE, ZIP
2026-04-01 13:37:12,360 | INFO | invoice_masker | Masked files saved:
2026-04-01 13:37:12,360 | INFO | invoice_masker |  - outputs\Sample-Modern-Sales-Invoice-Template-edit-online_masked.png
2026-04-01 13:38:15,322 | WARNING | easyocr.easyocr | Using CPU. Note: This module is much faster with a GPU.
2026-04-01 13:41:39,719 | WARNING | easyocr.easyocr | Using CPU. Note: This module is much faster with a GPU.
2026-04-01 13:43:21,871 | INFO | invoice_masker | Page 1: detected 8 sensitive field(s).
2026-04-01 13:43:21,874 | INFO | invoice_masker | Detected fields: EMAIL, GPE, INVOICE_REF, KEYWORD, ORG, PERSON, PHONE, ZIP
2026-04-01 15:31:38,158 | INFO | invoice_masker | Page 1: detected 6 sensitive field(s).
2026-04-01 15:31:38,190 | INFO | invoice_masker | Detected fields: DATE, GPE, INVOICE_REF, KEYWORD, ORG, PERSON
